
> pharmastackx@0.1.0 build
> next build

node.exe : [baseline-brows
er-mapping] The data in 
this module is over two 
months old.  To ensure 
accurate Baseline data, 
please update: `npm i base
line-browser-mapping@lates
t -D`
At line:1 char:1
+ & "C:\Program 
Files\nodejs/node.exe" 
"C:\Program 
Files\nodejs/node_mo ...
+ ~~~~~~~~~~~~~~~~~~~~~~~~
~~~~~~~~~~~~~~~~~~~~~~~~~~
~~~~~~~~~~~~~~~~~~~
    + CategoryInfo        
      : NotSpecified: ([  
  baseline-brows...ping   
 @latest -D`:String) [    
], RemoteException
    + FullyQualifiedError 
   Id : NativeCommandErr  
  or
 
[baseline-browser-mapping]
 The data in this module 
is over two months old.  
To ensure accurate 
Baseline data, please 
update: `npm i baseline-br
owser-mapping@latest -D`
 ΓÜá Warning: Next.js 
inferred your workspace 
root, but it may not be 
correct.
 We detected multiple 
lockfiles and selected 
the directory of C:\Users\
HP\package-lock.json as 
the root directory.
 To silence this warning, 
set `turbopack.root` in 
your Next.js config, or 
consider removing one of 
the lockfiles if it's not 
needed.
   See https://nextjs.org/
docs/app/api-reference/con
fig/next-config-js/turbopa
ck#root-directory for 
more information.
 Detected additional 
lockfiles: 
   * C:\Users\HP\Desktop\z
ipped pharmastackx\package
-lock.json

   Γû▓ Next.js 16.0.10 (Turbopack)
   - Environments: .env.local

 ΓÜá The "middleware" 
file convention is 
deprecated. Please use 
"proxy" instead. Learn 
more: https://nextjs.org/d
ocs/messages/middleware-to
-proxy
   Creating an optimized production build ...
[baseline-browser-mapping]
 The data in this module 
is over two months old.  
To ensure accurate 
Baseline data, please 
update: `npm i baseline-br
owser-mapping@latest -D`
[baseline-browser-mapping]
 The data in this module 
is over two months old.  
To ensure accurate 
Baseline data, please 
update: `npm i baseline-br
owser-mapping@latest -D`

> Build error occurred
Error: Turbopack build 
failed with 1 errors:
./Desktop/zipped pharmasta
ckx/src/app/api/admin/god-
mode/[collection]/[id]/rou
te.ts:9:1
Module not found: Can't 
resolve 
'@/models/MedicineRequest'
[0m [90m  7 |[39m 
[36mimport[39m 
[33mPost[39m 
[36mfrom[39m [32m'@/mod
els/Post'[39m[33m;[39m
 [90m  8 |[39m 
[36mimport[39m 
[33mMessage[39m 
[36mfrom[39m [32m'@/mod
els/Message'[39m[33m;[3
9m
[31m[1m>[22m[39m[90m 
 9 |[39m 
[36mimport[39m 
[33mMedicineRequest[39m 
[36mfrom[39m [32m'@/mod
els/MedicineRequest'[39m
[33m;[39m
 [90m    |[39m [31m[1m
^[22m[39m[31m[1m^[22m
[39m[31m[1m^[22m[39m
[31m[1m^[22m[39m[31m[
1m^[22m[39m[31m[1m^[2
2m[39m[31m[1m^[22m[39
m[31m[1m^[22m[39m[31m
[1m^[22m[39m[31m[1m^
[22m[39m[31m[1m^[22m[
39m[31m[1m^[22m[39m[3
1m[1m^[22m[39m[31m[1m
^[22m[39m[31m[1m^[22m
[39m[31m[1m^[22m[39m
[31m[1m^[22m[39m[31m[
1m^[22m[39m[31m[1m^[2
2m[39m[31m[1m^[22m[39
m[31m[1m^[22m[39m[31m
[1m^[22m[39m[31m[1m^
[22m[39m[31m[1m^[22m[
39m[31m[1m^[22m[39m[3
1m[1m^[22m[39m[31m[1m
^[22m[39m[31m[1m^[22m
[39m[31m[1m^[22m[39m
[31m[1m^[22m[39m[31m[
1m^[22m[39m[31m[1m^[2
2m[39m[31m[1m^[22m[39
m[31m[1m^[22m[39m[31m
[1m^[22m[39m[31m[1m^
[22m[39m[31m[1m^[22m[
39m[31m[1m^[22m[39m[3
1m[1m^[22m[39m[31m[1m
^[22m[39m[31m[1m^[22m
[39m[31m[1m^[22m[39m
[31m[1m^[22m[39m[31m[
1m^[22m[39m[31m[1m^[2
2m[39m[31m[1m^[22m[39
m[31m[1m^[22m[39m[31m
[1m^[22m[39m[31m[1m^
[22m[39m[31m[1m^[22m[
39m[31m[1m^[22m[39m[3
1m[1m^[22m[39m[31m[1m
^[22m[39m[31m[1m^[22m
[39m[31m[1m^[22m[39m
 [90m 10 |[39m 
[36mimport[39m 
[33mBulkUpload[39m 
[36mfrom[39m [32m'@/mod
els/BulkUpload'[39m[33m;
[39m
 [90m 11 |[39m 
[36mimport[39m 
[33mDraftStock[39m 
[36mfrom[39m [32m'@/mod
els/DraftStock'[39m[33m;
[39m
 [90m 12 |[39m 
[36mimport[39m 
[33mEnrichmentLock[39m 
[36mfrom[39m [32m'@/mod
els/EnrichmentLock'[39m[
33m;[39m[0m

Import map: aliased to 
relative './src/models/Med
icineRequest' inside of 
[project]/Desktop/zipped 
pharmastackx


https://nextjs.org/docs/me
ssages/module-not-found


    at <unknown> 
(./Desktop/zipped pharmast
ackx/src/app/api/admin/god
-mode/[collection]/[id]/ro
ute.ts:9:1)
    at <unknown> (https://
nextjs.org/docs/messages/m
odule-not-found)
