src/components/AccountContent.tsx(288,25): error TS2322: Type 'Promise<Response>' is not assignable to type 'Promise<null>'.
  Type 'Response' is not assignable to type 'null'.
src/components/AccountContent.tsx(300,58): error TS2339: Property 'ok' does not exist on type 'never'.
src/components/AccountContent.tsx(301,70): error TS2339: Property 'json' does not exist on type 'never'.
src/components/Navbar.tsx(365,32): error TS2339: Property 'profilePicture' does not exist on type 'User'.
src/components/Navbar.tsx(434,32): error TS2339: Property 'profilePicture' does not exist on type 'User'.
